node.exe : FAIL src/patient-banner-payment-status/payment-
status-badge.test.tsx
At C:\Program Files\nodejs\yarn.ps1:16 char:5
+     & "$basedir/node$exe"  
"$basedir/node_modules/corepack/dist/yarn. ...
+     ~~~~~~~~~~~~~~~~~~~~~~~~~~~~~~~~~~~~~~~~~~~~~~~~~~~~
~~~~~~~~~~~~~
    + CategoryInfo          : NotSpecified: (FAIL src/pat 
   ien...-badge.test.tsx:String) [], RemoteException
    + FullyQualifiedErrorId : NativeCommandError
 
  ΓùÅ Console

    console.warn
      Warning: The `title` prop has been deprecated and 
will be removed in the next major version. Use 
DismissibleTag instead.

    [0m [90m 26 |[39m     [36mreturn[39m[33m;[39m
     [90m 27 |[39m   }
    [31m[1m>[22m[39m[90m 28 |[39m   
originalWarn([33m...[39margs)[33m;[39m
     [90m    |[39m   [31m[1m^[22m[39m
     [90m 29 |[39m }[33m;[39m
     [90m 30 |[39m[0m

      at console.originalWarn [as warn] 
(tools/setup-tests.ts:28:3)
      at Object.<anonymous>.warning 
(node_modules/@carbon/react/lib/internal/warning.js:28:13)
      at Object.checker [as title] (node_modules/@carbon/r
eact/lib/prop-types/deprecate.js:33:55)
      at checkPropTypes 
(node_modules/react/cjs/react.development.js:2055:44)
      at validatePropTypes 
(node_modules/react/cjs/react.development.js:2275:7)
      at Object.createElementWithValidation [as 
createElement] 
(node_modules/react/cjs/react.development.js:2379:5)
      at PaymentStatusBadge (src/patient-banner-payment-st
atus/payment-status-badge.component.tsx:61:7)
      at renderWithHooks (node_modules/react-dom/cjs/react
-dom.development.js:15486:18)
      at mountIndeterminateComponent (node_modules/react-d
om/cjs/react-dom.development.js:20103:13)
      at beginWork (node_modules/react-dom/cjs/react-dom.d
evelopment.js:21626:16)
      at beginWork$1 (node_modules/react-dom/cjs/react-dom
.development.js:27465:14)
      at performUnitOfWork (node_modules/react-dom/cjs/rea
ct-dom.development.js:26599:12)
      at workLoopSync (node_modules/react-dom/cjs/react-do
m.development.js:26505:5)
      at renderRootSync (node_modules/react-dom/cjs/react-
dom.development.js:26473:7)
      at performConcurrentWorkOnRoot (node_modules/react-d
om/cjs/react-dom.development.js:25777:74)
      at flushActQueue 
(node_modules/react/cjs/react.development.js:2667:24)
      at act 
(node_modules/react/cjs/react.development.js:2582:11)
      at node_modules/@testing-library/react/dist/act-comp
at.js:47:25
      at renderRoot 
(node_modules/@testing-library/react/dist/pure.js:180:26)
      at render 
(node_modules/@testing-library/react/dist/pure.js:271:10)
      at Object.<anonymous> (src/patient-banner-payment-st
atus/payment-status-badge.test.tsx:67:11)

    console.error
      Warning: Failed prop type: Invalid prop `type` of 
value `yellow` supplied to `ForwardRef`, expected one of [
"red","magenta","purple","blue","cyan","teal","green","gra
y","cool-gray","warm-gray","high-contrast","outline"].
          at F:\GSOC\openmrs-esm-billing-app\node_modules\
@carbon\react\lib\components\Tag\Tag.js:51:3
          at patientUuid (F:\GSOC\openmrs-esm-billing-app\
src\patient-banner-payment-status\payment-status-badge.com
ponent.tsx:12:66)

    [0m [90m 59 |[39m   [36mreturn[39m (
     [90m 60 |[39m     [33m<[39m[33m>[39m
    [31m[1m>[22m[39m[90m 61 |[39m       
[33m<[39m[33mTag[39m
     [90m    |[39m       [31m[1m^[22m[39m
     [90m 62 |[39m         
type[33m=[39m{tagProps[33m.[39mtype [36mas[39m any}
     [90m 63 |[39m         
className[33m=[39m{styles[33m.[39mpaymentStatusTag}
     [90m 64 |[39m         onClick[33m=[39m{() 
[33m=>[39m setIsModalOpen([36mtrue[39m)}[0m

      at printWarning 
(node_modules/react/cjs/react.development.js:209:30)
      at error 
(node_modules/react/cjs/react.development.js:183:7)
      at checkPropTypes 
(node_modules/react/cjs/react.development.js:2074:11)
      at validatePropTypes 
(node_modules/react/cjs/react.development.js:2275:7)
      at Object.createElementWithValidation [as 
createElement] 
(node_modules/react/cjs/react.development.js:2379:5)
      at PaymentStatusBadge (src/patient-banner-payment-st
atus/payment-status-badge.component.tsx:61:7)
      at renderWithHooks (node_modules/react-dom/cjs/react
-dom.development.js:15486:18)
      at mountIndeterminateComponent (node_modules/react-d
om/cjs/react-dom.development.js:20103:13)
      at beginWork (node_modules/react-dom/cjs/react-dom.d
evelopment.js:21626:16)
      at beginWork$1 (node_modules/react-dom/cjs/react-dom
.development.js:27465:14)
      at performUnitOfWork (node_modules/react-dom/cjs/rea
ct-dom.development.js:26599:12)
      at workLoopSync (node_modules/react-dom/cjs/react-do
m.development.js:26505:5)
      at renderRootSync (node_modules/react-dom/cjs/react-
dom.development.js:26473:7)
      at performConcurrentWorkOnRoot (node_modules/react-d
om/cjs/react-dom.development.js:25777:74)
      at flushActQueue 
(node_modules/react/cjs/react.development.js:2667:24)
      at act 
(node_modules/react/cjs/react.development.js:2582:11)
      at node_modules/@testing-library/react/dist/act-comp
at.js:47:25
      at renderRoot 
(node_modules/@testing-library/react/dist/pure.js:180:26)
      at render 
(node_modules/@testing-library/react/dist/pure.js:271:10)
      at Object.<anonymous> (src/patient-banner-payment-st
atus/payment-status-badge.test.tsx:89:11)

    console.error
      Warning: Failed prop type: Invalid prop `children` 
supplied to `DataTable`, expected a ReactNode.
          at DataTable (F:\GSOC\openmrs-esm-billing-app\no
de_modules\@carbon\react\lib\components\DataTable\DataTabl
e.js:93:5)
          at closeModal (F:\GSOC\openmrs-esm-billing-app\s
rc\patient-banner-payment-status\payment-status-details.mo
dal.tsx:28:3)
          at patientUuid (F:\GSOC\openmrs-esm-billing-app\
src\patient-banner-payment-status\payment-status-badge.com
ponent.tsx:12:66)

    [0m [90m 77 |[39m       ) [33m:[39m (
     [90m 78 |[39m         [33m<[39m[33mdiv[39m clas
sName[33m=[39m{styles[33m.[39mmodalTableContainer}[33
m>[39m
    [31m[1m>[22m[39m[90m 79 |[39m           
[33m<[39m[33mDataTable[39m rows[33m=[39m{rowData} 
headers[33m=[39m{headerData}[33m>[39m
     [90m    |[39m           [31m[1m^[22m[39m
     [90m 80 |[39m             {({ rows[33m,[39m 
headers[33m,[39m getHeaderProps[33m,[39m 
getTableProps }) [33m=>[39m (
     [90m 81 |[39m               
[33m<[39m[33mTableContainer[39m[33m>[39m
     [90m 82 |[39m                 
[33m<[39m[33mTable[39m 
{[33m...[39mgetTableProps()}[33m>[39m[0m

      at printWarning 
(node_modules/react/cjs/react.development.js:209:30)
      at error 
(node_modules/react/cjs/react.development.js:183:7)
      at checkPropTypes 
(node_modules/react/cjs/react.development.js:2074:11)
      at validatePropTypes 
(node_modules/react/cjs/react.development.js:2275:7)
      at Object.createElementWithValidation [as 
createElement] 
(node_modules/react/cjs/react.development.js:2379:5)
      at PaymentStatusDetailsModal (src/patient-banner-pay
ment-status/payment-status-details.modal.tsx:79:11)
      at renderWithHooks (node_modules/react-dom/cjs/react
-dom.development.js:15486:18)
      at mountIndeterminateComponent (node_modules/react-d
om/cjs/react-dom.development.js:20103:13)
      at beginWork (node_modules/react-dom/cjs/react-dom.d
evelopment.js:21626:16)
      at beginWork$1 (node_modules/react-dom/cjs/react-dom
.development.js:27465:14)
      at performUnitOfWork (node_modules/react-dom/cjs/rea
ct-dom.development.js:26599:12)
      at workLoopSync (node_modules/react-dom/cjs/react-do
m.development.js:26505:5)
      at renderRootSync (node_modules/react-dom/cjs/react-
dom.development.js:26473:7)
      at performSyncWorkOnRoot (node_modules/react-dom/cjs
/react-dom.development.js:26124:20)
      at flushSyncCallbacks (node_modules/react-dom/cjs/re
act-dom.development.js:12042:22)
      at flushActQueue 
(node_modules/react/cjs/react.development.js:2667:24)
      at act 
(node_modules/react/cjs/react.development.js:2582:11)
      at node_modules/@testing-library/react/dist/act-comp
at.js:47:25
      at Object.eventWrapper 
(node_modules/@testing-library/react/dist/pure.js:107:28)
      at fireEvent 
(node_modules/@testing-library/dom/dist/events.js:12:35)
      at Function.fireEvent.<computed> [as click] 
(node_modules/@testing-library/dom/dist/events.js:110:36)
      at Function.fireEvent.<computed> [as click] (node_mo
dules/@testing-library/react/dist/fire-event.js:15:52)
      at Object.click (src/patient-banner-payment-status/p
ayment-status-badge.test.tsx:111:15)

  ΓùÅ PaymentStatusBadge ΓÇ║ renders PAID status when 
full payment is received

    expect(element).toHaveClass("cds--tag--green")

    Expected the element to have class:
      cds--tag--green
    Received:
      cds--tag__label

    [0m [90m 68 |[39m     [36mconst[39m badge 
[33m=[39m 
screen[33m.[39mgetByText([32m'Paid'[39m)[33m;[39m
     [90m 69 |[39m     
expect(badge)[33m.[39mtoBeInTheDocument()[33m;[39m
    [31m[1m>[22m[39m[90m 70 |[39m     expect(badge)
[33m.[39mtoHaveClass([32m'cds--tag--green'[39m)[33m;[
39m
     [90m    |[39m                   
[31m[1m^[22m[39m
     [90m 71 |[39m   })[33m;[39m
     [90m 72 |[39m
     [90m 73 |[39m   it([32m'renders UNPAID status 
when no payment is received'[39m[33m,[39m () 
[33m=>[39m {[0m

      at Object.toHaveClass (src/patient-banner-payment-st
atus/payment-status-badge.test.tsx:70:19)

  ΓùÅ PaymentStatusBadge ΓÇ║ renders UNPAID status when 
no payment is received

    expect(element).toHaveClass("cds--tag--red")

    Expected the element to have class:
      cds--tag--red
    Received:
      cds--tag__label

    [0m [90m 79 |[39m     [36mconst[39m badge 
[33m=[39m 
screen[33m.[39mgetByText([32m'Unpaid'[39m)[33m;[39m
     [90m 80 |[39m     
expect(badge)[33m.[39mtoBeInTheDocument()[33m;[39m
    [31m[1m>[22m[39m[90m 81 |[39m     expect(badge)
[33m.[39mtoHaveClass([32m'cds--tag--red'[39m)[33m;[39
m
     [90m    |[39m                   
[31m[1m^[22m[39m
     [90m 82 |[39m   })[33m;[39m
     [90m 83 |[39m
     [90m 84 |[39m   it([32m'renders PARTIALLY_PAID 
status when some payment is received'[39m[33m,[39m () 
[33m=>[39m {[0m

      at Object.toHaveClass (src/patient-banner-payment-st
atus/payment-status-badge.test.tsx:81:19)

  ΓùÅ PaymentStatusBadge ΓÇ║ renders PARTIALLY_PAID 
status when some payment is received

    expect(element).toHaveClass("cds--tag--yellow")

    Expected the element to have class:
      cds--tag--yellow
    Received:
      cds--tag__label

    [0m [90m 90 |[39m     [36mconst[39m badge 
[33m=[39m screen[33m.[39mgetByText([32m'Partially 
Paid'[39m)[33m;[39m
     [90m 91 |[39m     
expect(badge)[33m.[39mtoBeInTheDocument()[33m;[39m
    [31m[1m>[22m[39m[90m 92 |[39m     expect(badge)
[33m.[39mtoHaveClass([32m'cds--tag--yellow'[39m)[33m;
[39m
     [90m    |[39m                   
[31m[1m^[22m[39m
     [90m 93 |[39m   })[33m;[39m
     [90m 94 |[39m
     [90m 95 |[39m   it([32m'opens modal when badge is 
clicked'[39m[33m,[39m () [33m=>[39m {[0m

      at Object.toHaveClass (src/patient-banner-payment-st
atus/payment-status-badge.test.tsx:92:19)

Test Suites: 1 failed, 1 total
Tests:       3 failed, 3 passed, 6 total
Snapshots:   0 total
Time:        1.745 s, estimated 4 s
Ran all test suites matching /src\\patient-banner-payment-
status\\payment-status-badge.test.tsx/i.
